<html>
<body>
<pre>
<h1>µVision Build Log</h1>
<h2>Tool Versions:</h2>
IDE-Version: µVision V5.37.0.0
Copyright (C) 2022 ARM Ltd and ARM Germany GmbH. All rights reserved.
License Information: b bruno, b, LIC=----
 
Tool Versions:
Toolchain:       MDK-Lite  Version: 5.37.0.0
Toolchain Path:  C:\Keil_v5\ARM\ARMCLANG\Bin
C Compiler:      ArmClang.exe V6.18
Assembler:       Armasm.exe V6.18
Linker/Locator:  ArmLink.exe V6.18
Library Manager: ArmAr.exe V6.18
Hex Converter:   FromElf.exe V6.18
CPU DLL:         SARMCM3.DLL V5.37.0.0
Dialog DLL:      DARMP1.DLL V1.28.1.0
Target DLL:      UL2CM3.DLL V1.164.7.0
Dialog DLL:      TCM.DLL V1.56.1.0
 
<h2>Project:</h2>
C:\Users\bruno\OneDrive\Desktop\exams_arm\2022_06_23\2022_06_23.uvprojx
Project File Date:  08/26/2023

<h2>Output:</h2>
*** Using Compiler 'V6.18', folder: 'C:\Keil_v5\ARM\ARMCLANG\Bin'
Rebuild target 'Target 1'
button/IRQ_button.c(2): warning: non-portable path to file '"LPC17xx.h"'; specified path differs in case from file name on disk [-Wnonportable-include-path]
#include "lpc17xx.h"
         ^~~~~~~~~~~
         "LPC17xx.h"
button/IRQ_button.c(6): warning: no previous prototype for function 'EINT0_IRQHandler' [-Wmissing-prototypes]
void EINT0_IRQHandler (void)      /*INT0*/ 
     ^
button/IRQ_button.c(6): note: declare 'static' if the function is not intended to be used outside of this translation unit
void EINT0_IRQHandler (void)      /*INT0*/ 
^
static 
2 warnings generated.
compiling IRQ_button.c...
compiling system_LPC17xx.c...
assembling startup_LPC17xx.s...
button/lib_button.c(2): warning: non-portable path to file '"LPC17xx.h"'; specified path differs in case from file name on disk [-Wnonportable-include-path]
#include "lpc17xx.h"
         ^~~~~~~~~~~
         "LPC17xx.h"
button/lib_button.c(10): warning: implicit conversion changes signedness: 'int' to 'unsigned int' [-Wsign-conversion]
  LPC_GPIO2->FIODIR      &= ~(1 << 10);    /* PORT2.10 defined as input          */
                         ~~ ^~~~~~~~~~
button/lib_button.c(13): warning: implicit conversion changes signedness: 'int' to 'unsigned int' [-Wsign-conversion]
  LPC_GPIO2->FIODIR      &= ~(1 << 11);    /* PORT2.11 defined as input          */
                         ~~ ^~~~~~~~~~
button/lib_button.c(16): warning: implicit conversion changes signedness: 'int' to 'unsigned int' [-Wsign-conversion]
  LPC_GPIO2->FIODIR      &= ~(1 << 12);    /* PORT2.12 defined as input          */
                         ~~ ^~~~~~~~~~
4 warnings generated.
compiling lib_button.c...
led/lib_led.c(12): warning: no previous extern declaration for non-static variable 'led_mask' [-Wmissing-variable-declarations]
const unsigned long led_mask[] = {1UL<<0, 1UL<<1, 1UL<<2, 1UL<< 3, 1UL<< 4, 1UL<< 5, 1UL<< 6, 1UL<< 7};
                    ^
led/lib_led.c(12): note: declare 'static' if the variable is not intended to be used outside of this translation unit
const unsigned long led_mask[] = {1UL<<0, 1UL<<1, 1UL<<2, 1UL<< 3, 1UL<< 4, 1UL<< 5, 1UL<< 6, 1UL<< 7};
      ^
1 warning generated.
compiling lib_led.c...
compiling sample.c...
linking...
Program Size: Code=972 RO-data=220 RW-data=0 ZI-data=608  
".\Objects\2022_06_23.axf" - 0 Error(s), 7 Warning(s).

<h2>Software Packages used:</h2>

Package Vendor: ARM
                http://www.keil.com/pack/ARM.CMSIS.5.9.0.pack
                ARM.CMSIS.5.9.0
                CMSIS (Common Microcontroller Software Interface Standard)
   * Component: CORE Version: 5.6.0

Package Vendor: Keil
                http://www.keil.com/pack/Keil.LPC1700_DFP.2.7.1.pack
                Keil.LPC1700_DFP.2.7.1
                NXP LPC1700 Series Device Support, Drivers and Examples for MCB1700 and LPC1788-32
   * Component: Startup Version: 1.0.0

<h2>Collection of Component include folders:</h2>
  ./RTE/Device/LPC1768
  ./RTE/_Target_1
  C:/Users/bruno/AppData/Local/Arm/Packs/ARM/CMSIS/5.9.0/CMSIS/Core/Include
  C:/Users/bruno/AppData/Local/Arm/Packs/Keil/LPC1700_DFP/2.7.1/Device/Include

<h2>Collection of Component Files used:</h2>

   * Component: ARM::CMSIS:CORE:5.6.0

   * Component: Keil::Device:Startup:1.0.0
      Include file:  Device/Include/LPC17xx.h
      Source file:   Device/Source/ARM/startup_LPC17xx.s
      Source file:   Device/Source/system_LPC17xx.c
      Include file:  RTE_Driver/Config/RTE_Device.h
Build Time Elapsed:  00:00:01
</pre>
</body>
</html>
