<html>
<body>
<pre>
<h1>µVision Build Log</h1>
<h2>Tool Versions:</h2>
IDE-Version: µVision V5.36.0.0
Copyright (C) 2021 ARM Ltd and ARM Germany GmbH. All rights reserved.
License Information: Razi Mei, Polito, LIC=----
 
Tool Versions:
Toolchain:       MDK-Lite  Version: 5.36.0.0
Toolchain Path:  C:\Keil_v5\ARM\ARMCLANG\Bin
C Compiler:      ArmClang.exe V6.16
Assembler:       Armasm.exe V6.16
Linker/Locator:  ArmLink.exe V6.16
Library Manager: ArmAr.exe V6.16
Hex Converter:   FromElf.exe V6.16
CPU DLL:         SARMCM3.DLL V5.36.0.0
Dialog DLL:      DARMP1.DLL V1.27.0.0
Target DLL:      UL2CM3.DLL V1.164.0.0
Dialog DLL:      TARMP1.DLL V1.26.0.0
 
<h2>Project:</h2>
D:\Polito\Computer Architecture\arm_mine\20220204\MINE\ARM.uvprojx
Project File Date:  12/30/2022

<h2>Output:</h2>
*** Using Compiler 'V6.16', folder: 'C:\Keil_v5\ARM\ARMCLANG\Bin'
Rebuild target 'Target 1'
../20220204_CAs_ARM/sample.c(15): warning: In file included from...
C:/Users/Razi/AppData/Local/Arm/Packs/Keil/LPC1700_DFP/2.7.0/Device/Include\LPC17xx.h(200): warning: anonymous structs are a C11 extension [-Wc11-extensions]
    struct {
    ^
C:/Users/Razi/AppData/Local/Arm/Packs/Keil/LPC1700_DFP/2.7.0/Device/Include\LPC17xx.h(204): warning: anonymous structs are a C11 extension [-Wc11-extensions]
    struct {
    ^
C:/Users/Razi/AppData/Local/Arm/Packs/Keil/LPC1700_DFP/2.7.0/Device/Include\LPC17xx.h(198): warning: anonymous unions are a C11 extension [-Wc11-extensions]
  union {
  ^
C:/Users/Razi/AppData/Local/Arm/Packs/Keil/LPC1700_DFP/2.7.0/Device/Include\LPC17xx.h(214): warning: anonymous structs are a C11 extension [-Wc11-extensions]
    struct {
    ^
C:/Users/Razi/AppData/Local/Arm/Packs/Keil/LPC1700_DFP/2.7.0/Device/Include\LPC17xx.h(218): warning: anonymous structs are a C11 extension [-Wc11-extensions]
    struct {
    ^
C:/Users/Razi/AppData/Local/Arm/Packs/Keil/LPC1700_DFP/2.7.0/Device/Include\LPC17xx.h(212): warning: anonymous unions are a C11 extension [-Wc11-extensions]
  union {
  ^
C:/Users/Razi/AppData/Local/Arm/Packs/Keil/LPC1700_DFP/2.7.0/Device/Include\LPC17xx.h(227): warning: anonymous structs are a C11 extension [-Wc11-extensions]
    struct {
    ^
C:/Users/Razi/AppData/Local/Arm/Packs/Keil/LPC1700_DFP/2.7.0/Device/Include\LPC17xx.h(231): warning: anonymous structs are a C11 extension [-Wc11-extensions]
    struct {
    ^
C:/Users/Razi/AppData/Local/Arm/Packs/Keil/LPC1700_DFP/2.7.0/Device/Include\LPC17xx.h(225): warning: anonymous unions are a C11 extension [-Wc11-extensions]
  union {
  ^
C:/Users/Razi/AppData/Local/Arm/Packs/Keil/LPC1700_DFP/2.7.0/Device/Include\LPC17xx.h(240): warning: anonymous structs are a C11 extension [-Wc11-extensions]
    struct {
    ^
C:/Users/Razi/AppData/Local/Arm/Packs/Keil/LPC1700_DFP/2.7.0/Device/Include\LPC17xx.h(244): warning: anonymous structs are a C11 extension [-Wc11-extensions]
    struct {
    ^
C:/Users/Razi/AppData/Local/Arm/Packs/Keil/LPC1700_DFP/2.7.0/Device/Include\LPC17xx.h(238): warning: anonymous unions are a C11 extension [-Wc11-extensions]
  union {
  ^
C:/Users/Razi/AppData/Local/Arm/Packs/Keil/LPC1700_DFP/2.7.0/Device/Include\LPC17xx.h(253): warning: anonymous structs are a C11 extension [-Wc11-extensions]
    struct {
    ^
C:/Users/Razi/AppData/Local/Arm/Packs/Keil/LPC1700_DFP/2.7.0/Device/Include\LPC17xx.h(257): warning: anonymous structs are a C11 extension [-Wc11-extensions]
    struct {
    ^
C:/Users/Razi/AppData/Local/Arm/Packs/Keil/LPC1700_DFP/2.7.0/Device/Include\LPC17xx.h(251): warning: anonymous unions are a C11 extension [-Wc11-extensions]
  union {
  ^
C:/Users/Razi/AppData/Local/Arm/Packs/Keil/LPC1700_DFP/2.7.0/Device/Include\LPC17xx.h(339): warning: anonymous unions are a C11 extension [-Wc11-extensions]
  union {
  ^
C:/Users/Razi/AppData/Local/Arm/Packs/Keil/LPC1700_DFP/2.7.0/Device/Include\LPC17xx.h(345): warning: anonymous unions are a C11 extension [-Wc11-extensions]
  union {
  ^
C:/Users/Razi/AppData/Local/Arm/Packs/Keil/LPC1700_DFP/2.7.0/Device/Include\LPC17xx.h(349): warning: anonymous unions are a C11 extension [-Wc11-extensions]
  union {
  ^
C:/Users/Razi/AppData/Local/Arm/Packs/Keil/LPC1700_DFP/2.7.0/Device/Include\LPC17xx.h(371): warning: anonymous unions are a C11 extension [-Wc11-extensions]
  union {
  ^
C:/Users/Razi/AppData/Local/Arm/Packs/Keil/LPC1700_DFP/2.7.0/Device/Include\LPC17xx.h(377): warning: anonymous unions are a C11 extension [-Wc11-extensions]
  union {
  ^
C:/Users/Razi/AppData/Local/Arm/Packs/Keil/LPC1700_DFP/2.7.0/Device/Include\LPC17xx.h(382): warning: anonymous unions are a C11 extension [-Wc11-extensions]
  union {
  ^
C:/Users/Razi/AppData/Local/Arm/Packs/Keil/LPC1700_DFP/2.7.0/Device/Include\LPC17xx.h(833): warning: anonymous unions are a C11 extension [-Wc11-extensions]
  union {
  ^
C:/Users/Razi/AppData/Local/Arm/Packs/Keil/LPC1700_DFP/2.7.0/Device/Include\LPC17xx.h(843): warning: anonymous unions are a C11 extension [-Wc11-extensions]
  union {
  ^
C:/Users/Razi/AppData/Local/Arm/Packs/Keil/LPC1700_DFP/2.7.0/Device/Include\LPC17xx.h(847): warning: anonymous unions are a C11 extension [-Wc11-extensions]
  union {
  ^
24 warnings generated.
compiling sample.c...
../20220204_CAs_ARM/led/lib_led.c(7): warning: In file included from...
C:/Users/Razi/AppData/Local/Arm/Packs/Keil/LPC1700_DFP/2.7.0/Device/Include\LPC17xx.h(200): warning: anonymous structs are a C11 extension [-Wc11-extensions]
    struct {
    ^
C:/Users/Razi/AppData/Local/Arm/Packs/Keil/LPC1700_DFP/2.7.0/Device/Include\LPC17xx.h(204): warning: anonymous structs are a C11 extension [-Wc11-extensions]
    struct {
    ^
C:/Users/Razi/AppData/Local/Arm/Packs/Keil/LPC1700_DFP/2.7.0/Device/Include\LPC17xx.h(198): warning: anonymous unions are a C11 extension [-Wc11-extensions]
  union {
  ^
C:/Users/Razi/AppData/Local/Arm/Packs/Keil/LPC1700_DFP/2.7.0/Device/Include\LPC17xx.h(214): warning: anonymous structs are a C11 extension [-Wc11-extensions]
    struct {
    ^
C:/Users/Razi/AppData/Local/Arm/Packs/Keil/LPC1700_DFP/2.7.0/Device/Include\LPC17xx.h(218): warning: anonymous structs are a C11 extension [-Wc11-extensions]
    struct {
    ^
C:/Users/Razi/AppData/Local/Arm/Packs/Keil/LPC1700_DFP/2.7.0/Device/Include\LPC17xx.h(212): warning: anonymous unions are a C11 extension [-Wc11-extensions]
  union {
  ^
C:/Users/Razi/AppData/Local/Arm/Packs/Keil/LPC1700_DFP/2.7.0/Device/Include\LPC17xx.h(227): warning: anonymous structs are a C11 extension [-Wc11-extensions]
    struct {
    ^
C:/Users/Razi/AppData/Local/Arm/Packs/Keil/LPC1700_DFP/2.7.0/Device/Include\LPC17xx.h(231): warning: anonymous structs are a C11 extension [-Wc11-extensions]
    struct {
    ^
C:/Users/Razi/AppData/Local/Arm/Packs/Keil/LPC1700_DFP/2.7.0/Device/Include\LPC17xx.h(225): warning: anonymous unions are a C11 extension [-Wc11-extensions]
  union {
  ^
C:/Users/Razi/AppData/Local/Arm/Packs/Keil/LPC1700_DFP/2.7.0/Device/Include\LPC17xx.h(240): warning: anonymous structs are a C11 extension [-Wc11-extensions]
    struct {
    ^
C:/Users/Razi/AppData/Local/Arm/Packs/Keil/LPC1700_DFP/2.7.0/Device/Include\LPC17xx.h(244): warning: anonymous structs are a C11 extension [-Wc11-extensions]
    struct {
    ^
C:/Users/Razi/AppData/Local/Arm/Packs/Keil/LPC1700_DFP/2.7.0/Device/Include\LPC17xx.h(238): warning: anonymous unions are a C11 extension [-Wc11-extensions]
  union {
  ^
C:/Users/Razi/AppData/Local/Arm/Packs/Keil/LPC1700_DFP/2.7.0/Device/Include\LPC17xx.h(253): warning: anonymous structs are a C11 extension [-Wc11-extensions]
    struct {
    ^
C:/Users/Razi/AppData/Local/Arm/Packs/Keil/LPC1700_DFP/2.7.0/Device/Include\LPC17xx.h(257): warning: anonymous structs are a C11 extension [-Wc11-extensions]
    struct {
    ^
C:/Users/Razi/AppData/Local/Arm/Packs/Keil/LPC1700_DFP/2.7.0/Device/Include\LPC17xx.h(251): warning: anonymous unions are a C11 extension [-Wc11-extensions]
  union {
  ^
C:/Users/Razi/AppData/Local/Arm/Packs/Keil/LPC1700_DFP/2.7.0/Device/Include\LPC17xx.h(339): warning: anonymous unions are a C11 extension [-Wc11-extensions]
  union {
  ^
C:/Users/Razi/AppData/Local/Arm/Packs/Keil/LPC1700_DFP/2.7.0/Device/Include\LPC17xx.h(345): warning: anonymous unions are a C11 extension [-Wc11-extensions]
  union {
  ^
C:/Users/Razi/AppData/Local/Arm/Packs/Keil/LPC1700_DFP/2.7.0/Device/Include\LPC17xx.h(349): warning: anonymous unions are a C11 extension [-Wc11-extensions]
  union {
  ^
C:/Users/Razi/AppData/Local/Arm/Packs/Keil/LPC1700_DFP/2.7.0/Device/Include\LPC17xx.h(371): warning: anonymous unions are a C11 extension [-Wc11-extensions]
  union {
  ^
C:/Users/Razi/AppData/Local/Arm/Packs/Keil/LPC1700_DFP/2.7.0/Device/Include\LPC17xx.h(377): warning: anonymous unions are a C11 extension [-Wc11-extensions]
  union {
  ^
C:/Users/Razi/AppData/Local/Arm/Packs/Keil/LPC1700_DFP/2.7.0/Device/Include\LPC17xx.h(382): warning: anonymous unions are a C11 extension [-Wc11-extensions]
  union {
  ^
C:/Users/Razi/AppData/Local/Arm/Packs/Keil/LPC1700_DFP/2.7.0/Device/Include\LPC17xx.h(833): warning: anonymous unions are a C11 extension [-Wc11-extensions]
  union {
  ^
C:/Users/Razi/AppData/Local/Arm/Packs/Keil/LPC1700_DFP/2.7.0/Device/Include\LPC17xx.h(843): warning: anonymous unions are a C11 extension [-Wc11-extensions]
  union {
  ^
C:/Users/Razi/AppData/Local/Arm/Packs/Keil/LPC1700_DFP/2.7.0/Device/Include\LPC17xx.h(847): warning: anonymous unions are a C11 extension [-Wc11-extensions]
  union {
  ^
../20220204_CAs_ARM/led/lib_led.c(10): warning: no previous extern declaration for non-static variable 'led_mask' [-Wmissing-variable-declarations]
const unsigned long led_mask[] = {1UL << 7, 1UL << 6, 1UL << 5, 1UL << 4, 1UL << 3, 1UL << 2, 1UL << 1, 1UL};
                    ^
../20220204_CAs_ARM/led/lib_led.c(10): note: declare 'static' if the variable is not intended to be used outside of this translation unit
const unsigned long led_mask[] = {1UL << 7, 1UL << 6, 1UL << 5, 1UL << 4, 1UL << 3, 1UL << 2, 1UL << 1, 1UL};
      ^
../20220204_CAs_ARM/led/lib_led.c(35): warning: implicit conversion loses integer precision: 'volatile uint32_t' (aka 'volatile unsigned int') to 'unsigned char' [-Wimplicit-int-conversion]
        led_value = LPC_GPIO2->FIOPIN;
                  ~ ~~~~~~~~~~~^~~~~~
../20220204_CAs_ARM/led/lib_led.c(41): warning: implicit conversion loses integer precision: 'volatile uint32_t' (aka 'volatile unsigned int') to 'unsigned char' [-Wimplicit-int-conversion]
        led_value = LPC_GPIO2->FIOPIN;
                  ~ ~~~~~~~~~~~^~~~~~
../20220204_CAs_ARM/led/lib_led.c(47): warning: implicit conversion changes signedness: 'int' to 'uint32_t' (aka 'unsigned int') [-Wsign-conversion]
        LPC_GPIO2->FIOSET= value;
                         ~ ^~~~~
../20220204_CAs_ARM/led/lib_led.c(11): warning: no previous extern declaration for non-static variable 'led_value' [-Wmissing-variable-declarations]
unsigned char led_value;
              ^
../20220204_CAs_ARM/led/lib_led.c(11): note: declare 'static' if the variable is not intended to be used outside of this translation unit
unsigned char led_value;
^
29 warnings generated.
compiling lib_led.c...
../20220204_CAs_ARM/button/lib_button.c(2): warning: non-portable path to file '"LPC17xx.h"'; specified path differs in case from file name on disk [-Wnonportable-include-path]
#include "lpc17xx.h"
         ^~~~~~~~~~~
         "LPC17xx.h"
../20220204_CAs_ARM/button/lib_button.c(2): warning: In file included from...
C:/Users/Razi/AppData/Local/Arm/Packs/Keil/LPC1700_DFP/2.7.0/Device/Include\lpc17xx.h(200): warning: anonymous structs are a C11 extension [-Wc11-extensions]
    struct {
    ^
C:/Users/Razi/AppData/Local/Arm/Packs/Keil/LPC1700_DFP/2.7.0/Device/Include\lpc17xx.h(204): warning: anonymous structs are a C11 extension [-Wc11-extensions]
    struct {
    ^
C:/Users/Razi/AppData/Local/Arm/Packs/Keil/LPC1700_DFP/2.7.0/Device/Include\lpc17xx.h(198): warning: anonymous unions are a C11 extension [-Wc11-extensions]
  union {
  ^
C:/Users/Razi/AppData/Local/Arm/Packs/Keil/LPC1700_DFP/2.7.0/Device/Include\lpc17xx.h(214): warning: anonymous structs are a C11 extension [-Wc11-extensions]
    struct {
    ^
C:/Users/Razi/AppData/Local/Arm/Packs/Keil/LPC1700_DFP/2.7.0/Device/Include\lpc17xx.h(218): warning: anonymous structs are a C11 extension [-Wc11-extensions]
    struct {
    ^
C:/Users/Razi/AppData/Local/Arm/Packs/Keil/LPC1700_DFP/2.7.0/Device/Include\lpc17xx.h(212): warning: anonymous unions are a C11 extension [-Wc11-extensions]
  union {
  ^
C:/Users/Razi/AppData/Local/Arm/Packs/Keil/LPC1700_DFP/2.7.0/Device/Include\lpc17xx.h(227): warning: anonymous structs are a C11 extension [-Wc11-extensions]
    struct {
    ^
C:/Users/Razi/AppData/Local/Arm/Packs/Keil/LPC1700_DFP/2.7.0/Device/Include\lpc17xx.h(231): warning: anonymous structs are a C11 extension [-Wc11-extensions]
    struct {
    ^
C:/Users/Razi/AppData/Local/Arm/Packs/Keil/LPC1700_DFP/2.7.0/Device/Include\lpc17xx.h(225): warning: anonymous unions are a C11 extension [-Wc11-extensions]
  union {
  ^
C:/Users/Razi/AppData/Local/Arm/Packs/Keil/LPC1700_DFP/2.7.0/Device/Include\lpc17xx.h(240): warning: anonymous structs are a C11 extension [-Wc11-extensions]
    struct {
    ^
C:/Users/Razi/AppData/Local/Arm/Packs/Keil/LPC1700_DFP/2.7.0/Device/Include\lpc17xx.h(244): warning: anonymous structs are a C11 extension [-Wc11-extensions]
    struct {
    ^
C:/Users/Razi/AppData/Local/Arm/Packs/Keil/LPC1700_DFP/2.7.0/Device/Include\lpc17xx.h(238): warning: anonymous unions are a C11 extension [-Wc11-extensions]
  union {
  ^
C:/Users/Razi/AppData/Local/Arm/Packs/Keil/LPC1700_DFP/2.7.0/Device/Include\lpc17xx.h(253): warning: anonymous structs are a C11 extension [-Wc11-extensions]
    struct {
    ^
C:/Users/Razi/AppData/Local/Arm/Packs/Keil/LPC1700_DFP/2.7.0/Device/Include\lpc17xx.h(257): warning: anonymous structs are a C11 extension [-Wc11-extensions]
    struct {
    ^
C:/Users/Razi/AppData/Local/Arm/Packs/Keil/LPC1700_DFP/2.7.0/Device/Include\lpc17xx.h(251): warning: anonymous unions are a C11 extension [-Wc11-extensions]
  union {
  ^
C:/Users/Razi/AppData/Local/Arm/Packs/Keil/LPC1700_DFP/2.7.0/Device/Include\lpc17xx.h(339): warning: anonymous unions are a C11 extension [-Wc11-extensions]
  union {
  ^
C:/Users/Razi/AppData/Local/Arm/Packs/Keil/LPC1700_DFP/2.7.0/Device/Include\lpc17xx.h(345): warning: anonymous unions are a C11 extension [-Wc11-extensions]
  union {
  ^
C:/Users/Razi/AppData/Local/Arm/Packs/Keil/LPC1700_DFP/2.7.0/Device/Include\lpc17xx.h(349): warning: anonymous unions are a C11 extension [-Wc11-extensions]
  union {
  ^
C:/Users/Razi/AppData/Local/Arm/Packs/Keil/LPC1700_DFP/2.7.0/Device/Include\lpc17xx.h(371): warning: anonymous unions are a C11 extension [-Wc11-extensions]
  union {
  ^
C:/Users/Razi/AppData/Local/Arm/Packs/Keil/LPC1700_DFP/2.7.0/Device/Include\lpc17xx.h(377): warning: anonymous unions are a C11 extension [-Wc11-extensions]
  union {
  ^
C:/Users/Razi/AppData/Local/Arm/Packs/Keil/LPC1700_DFP/2.7.0/Device/Include\lpc17xx.h(382): warning: anonymous unions are a C11 extension [-Wc11-extensions]
  union {
  ^
C:/Users/Razi/AppData/Local/Arm/Packs/Keil/LPC1700_DFP/2.7.0/Device/Include\lpc17xx.h(833): warning: anonymous unions are a C11 extension [-Wc11-extensions]
  union {
  ^
C:/Users/Razi/AppData/Local/Arm/Packs/Keil/LPC1700_DFP/2.7.0/Device/Include\lpc17xx.h(843): warning: anonymous unions are a C11 extension [-Wc11-extensions]
  union {
  ^
C:/Users/Razi/AppData/Local/Arm/Packs/Keil/LPC1700_DFP/2.7.0/Device/Include\lpc17xx.h(847): warning: anonymous unions are a C11 extension [-Wc11-extensions]
  union {
  ^
../20220204_CAs_ARM/button/lib_button.c(10): warning: implicit conversion changes signedness: 'int' to 'unsigned int' [-Wsign-conversion]
  LPC_GPIO2->FIODIR      &= ~(1 << 10);    /* PORT2.10 defined as input          */
                         ~~ ^~~~~~~~~~
../20220204_CAs_ARM/button/lib_button.c(13): warning: implicit conversion changes signedness: 'int' to 'unsigned int' [-Wsign-conversion]
  LPC_GPIO2->FIODIR      &= ~(1 << 11);    /* PORT2.11 defined as input          */
                         ~~ ^~~~~~~~~~
../20220204_CAs_ARM/button/lib_button.c(16): warning: implicit conversion changes signedness: 'int' to 'unsigned int' [-Wsign-conversion]
  LPC_GPIO2->FIODIR      &= ~(1 << 12);    /* PORT2.12 defined as input          */
                         ~~ ^~~~~~~~~~
28 warnings generated.
compiling lib_button.c...
assembling startup_LPC17xx.s...
../20220204_CAs_ARM/button/IRQ_button.c(2): warning: non-portable path to file '"LPC17xx.h"'; specified path differs in case from file name on disk [-Wnonportable-include-path]
#include "lpc17xx.h"
         ^~~~~~~~~~~
         "LPC17xx.h"
../20220204_CAs_ARM/button/IRQ_button.c(2): warning: In file included from...
C:/Users/Razi/AppData/Local/Arm/Packs/Keil/LPC1700_DFP/2.7.0/Device/Include\lpc17xx.h(200): warning: anonymous structs are a C11 extension [-Wc11-extensions]
    struct {
    ^
C:/Users/Razi/AppData/Local/Arm/Packs/Keil/LPC1700_DFP/2.7.0/Device/Include\lpc17xx.h(204): warning: anonymous structs are a C11 extension [-Wc11-extensions]
    struct {
    ^
C:/Users/Razi/AppData/Local/Arm/Packs/Keil/LPC1700_DFP/2.7.0/Device/Include\lpc17xx.h(198): warning: anonymous unions are a C11 extension [-Wc11-extensions]
  union {
  ^
C:/Users/Razi/AppData/Local/Arm/Packs/Keil/LPC1700_DFP/2.7.0/Device/Include\lpc17xx.h(214): warning: anonymous structs are a C11 extension [-Wc11-extensions]
    struct {
    ^
C:/Users/Razi/AppData/Local/Arm/Packs/Keil/LPC1700_DFP/2.7.0/Device/Include\lpc17xx.h(218): warning: anonymous structs are a C11 extension [-Wc11-extensions]
    struct {
    ^
C:/Users/Razi/AppData/Local/Arm/Packs/Keil/LPC1700_DFP/2.7.0/Device/Include\lpc17xx.h(212): warning: anonymous unions are a C11 extension [-Wc11-extensions]
  union {
  ^
C:/Users/Razi/AppData/Local/Arm/Packs/Keil/LPC1700_DFP/2.7.0/Device/Include\lpc17xx.h(227): warning: anonymous structs are a C11 extension [-Wc11-extensions]
    struct {
    ^
C:/Users/Razi/AppData/Local/Arm/Packs/Keil/LPC1700_DFP/2.7.0/Device/Include\lpc17xx.h(231): warning: anonymous structs are a C11 extension [-Wc11-extensions]
    struct {
    ^
C:/Users/Razi/AppData/Local/Arm/Packs/Keil/LPC1700_DFP/2.7.0/Device/Include\lpc17xx.h(225): warning: anonymous unions are a C11 extension [-Wc11-extensions]
  union {
  ^
C:/Users/Razi/AppData/Local/Arm/Packs/Keil/LPC1700_DFP/2.7.0/Device/Include\lpc17xx.h(240): warning: anonymous structs are a C11 extension [-Wc11-extensions]
    struct {
    ^
C:/Users/Razi/AppData/Local/Arm/Packs/Keil/LPC1700_DFP/2.7.0/Device/Include\lpc17xx.h(244): warning: anonymous structs are a C11 extension [-Wc11-extensions]
    struct {
    ^
C:/Users/Razi/AppData/Local/Arm/Packs/Keil/LPC1700_DFP/2.7.0/Device/Include\lpc17xx.h(238): warning: anonymous unions are a C11 extension [-Wc11-extensions]
  union {
  ^
C:/Users/Razi/AppData/Local/Arm/Packs/Keil/LPC1700_DFP/2.7.0/Device/Include\lpc17xx.h(253): warning: anonymous structs are a C11 extension [-Wc11-extensions]
    struct {
    ^
C:/Users/Razi/AppData/Local/Arm/Packs/Keil/LPC1700_DFP/2.7.0/Device/Include\lpc17xx.h(257): warning: anonymous structs are a C11 extension [-Wc11-extensions]
    struct {
    ^
C:/Users/Razi/AppData/Local/Arm/Packs/Keil/LPC1700_DFP/2.7.0/Device/Include\lpc17xx.h(251): warning: anonymous unions are a C11 extension [-Wc11-extensions]
  union {
  ^
C:/Users/Razi/AppData/Local/Arm/Packs/Keil/LPC1700_DFP/2.7.0/Device/Include\lpc17xx.h(339): warning: anonymous unions are a C11 extension [-Wc11-extensions]
  union {
  ^
C:/Users/Razi/AppData/Local/Arm/Packs/Keil/LPC1700_DFP/2.7.0/Device/Include\lpc17xx.h(345): warning: anonymous unions are a C11 extension [-Wc11-extensions]
  union {
  ^
C:/Users/Razi/AppData/Local/Arm/Packs/Keil/LPC1700_DFP/2.7.0/Device/Include\lpc17xx.h(349): warning: anonymous unions are a C11 extension [-Wc11-extensions]
  union {
  ^
C:/Users/Razi/AppData/Local/Arm/Packs/Keil/LPC1700_DFP/2.7.0/Device/Include\lpc17xx.h(371): warning: anonymous unions are a C11 extension [-Wc11-extensions]
  union {
  ^
C:/Users/Razi/AppData/Local/Arm/Packs/Keil/LPC1700_DFP/2.7.0/Device/Include\lpc17xx.h(377): warning: anonymous unions are a C11 extension [-Wc11-extensions]
  union {
  ^
C:/Users/Razi/AppData/Local/Arm/Packs/Keil/LPC1700_DFP/2.7.0/Device/Include\lpc17xx.h(382): warning: anonymous unions are a C11 extension [-Wc11-extensions]
  union {
  ^
C:/Users/Razi/AppData/Local/Arm/Packs/Keil/LPC1700_DFP/2.7.0/Device/Include\lpc17xx.h(833): warning: anonymous unions are a C11 extension [-Wc11-extensions]
  union {
  ^
C:/Users/Razi/AppData/Local/Arm/Packs/Keil/LPC1700_DFP/2.7.0/Device/Include\lpc17xx.h(843): warning: anonymous unions are a C11 extension [-Wc11-extensions]
  union {
  ^
C:/Users/Razi/AppData/Local/Arm/Packs/Keil/LPC1700_DFP/2.7.0/Device/Include\lpc17xx.h(847): warning: anonymous unions are a C11 extension [-Wc11-extensions]
  union {
  ^
../20220204_CAs_ARM/button/IRQ_button.c(8): warning: no previous extern declaration for non-static variable 'value' [-Wmissing-variable-declarations]
int value=0;
    ^
../20220204_CAs_ARM/button/IRQ_button.c(8): note: declare 'static' if the variable is not intended to be used outside of this translation unit
int value=0;
^
../20220204_CAs_ARM/button/IRQ_button.c(9): warning: no previous extern declaration for non-static variable 'counter' [-Wmissing-variable-declarations]
int counter=0;
    ^
../20220204_CAs_ARM/button/IRQ_button.c(9): note: declare 'static' if the variable is not intended to be used outside of this translation unit
int counter=0;
^
../20220204_CAs_ARM/button/IRQ_button.c(11): warning: no previous prototype for function 'EINT0_IRQHandler' [-Wmissing-prototypes]
void EINT0_IRQHandler (void)      
     ^
../20220204_CAs_ARM/button/IRQ_button.c(11): note: declare 'static' if the function is not intended to be used outside of this translation unit
void EINT0_IRQHandler (void)      
^
static 
28 warnings generated.
compiling IRQ_button.c...
RTE/Device/LPC1768/system_LPC17xx.c(36): warning: In file included from...
C:/Users/Razi/AppData/Local/Arm/Packs/Keil/LPC1700_DFP/2.7.0/Device/Include\LPC17xx.h(200): warning: anonymous structs are a C11 extension [-Wc11-extensions]
    struct {
    ^
C:/Users/Razi/AppData/Local/Arm/Packs/Keil/LPC1700_DFP/2.7.0/Device/Include\LPC17xx.h(204): warning: anonymous structs are a C11 extension [-Wc11-extensions]
    struct {
    ^
C:/Users/Razi/AppData/Local/Arm/Packs/Keil/LPC1700_DFP/2.7.0/Device/Include\LPC17xx.h(198): warning: anonymous unions are a C11 extension [-Wc11-extensions]
  union {
  ^
C:/Users/Razi/AppData/Local/Arm/Packs/Keil/LPC1700_DFP/2.7.0/Device/Include\LPC17xx.h(214): warning: anonymous structs are a C11 extension [-Wc11-extensions]
    struct {
    ^
C:/Users/Razi/AppData/Local/Arm/Packs/Keil/LPC1700_DFP/2.7.0/Device/Include\LPC17xx.h(218): warning: anonymous structs are a C11 extension [-Wc11-extensions]
    struct {
    ^
C:/Users/Razi/AppData/Local/Arm/Packs/Keil/LPC1700_DFP/2.7.0/Device/Include\LPC17xx.h(212): warning: anonymous unions are a C11 extension [-Wc11-extensions]
  union {
  ^
C:/Users/Razi/AppData/Local/Arm/Packs/Keil/LPC1700_DFP/2.7.0/Device/Include\LPC17xx.h(227): warning: anonymous structs are a C11 extension [-Wc11-extensions]
    struct {
    ^
C:/Users/Razi/AppData/Local/Arm/Packs/Keil/LPC1700_DFP/2.7.0/Device/Include\LPC17xx.h(231): warning: anonymous structs are a C11 extension [-Wc11-extensions]
    struct {
    ^
C:/Users/Razi/AppData/Local/Arm/Packs/Keil/LPC1700_DFP/2.7.0/Device/Include\LPC17xx.h(225): warning: anonymous unions are a C11 extension [-Wc11-extensions]
  union {
  ^
C:/Users/Razi/AppData/Local/Arm/Packs/Keil/LPC1700_DFP/2.7.0/Device/Include\LPC17xx.h(240): warning: anonymous structs are a C11 extension [-Wc11-extensions]
    struct {
    ^
C:/Users/Razi/AppData/Local/Arm/Packs/Keil/LPC1700_DFP/2.7.0/Device/Include\LPC17xx.h(244): warning: anonymous structs are a C11 extension [-Wc11-extensions]
    struct {
    ^
C:/Users/Razi/AppData/Local/Arm/Packs/Keil/LPC1700_DFP/2.7.0/Device/Include\LPC17xx.h(238): warning: anonymous unions are a C11 extension [-Wc11-extensions]
  union {
  ^
C:/Users/Razi/AppData/Local/Arm/Packs/Keil/LPC1700_DFP/2.7.0/Device/Include\LPC17xx.h(253): warning: anonymous structs are a C11 extension [-Wc11-extensions]
    struct {
    ^
C:/Users/Razi/AppData/Local/Arm/Packs/Keil/LPC1700_DFP/2.7.0/Device/Include\LPC17xx.h(257): warning: anonymous structs are a C11 extension [-Wc11-extensions]
    struct {
    ^
C:/Users/Razi/AppData/Local/Arm/Packs/Keil/LPC1700_DFP/2.7.0/Device/Include\LPC17xx.h(251): warning: anonymous unions are a C11 extension [-Wc11-extensions]
  union {
  ^
C:/Users/Razi/AppData/Local/Arm/Packs/Keil/LPC1700_DFP/2.7.0/Device/Include\LPC17xx.h(339): warning: anonymous unions are a C11 extension [-Wc11-extensions]
  union {
  ^
C:/Users/Razi/AppData/Local/Arm/Packs/Keil/LPC1700_DFP/2.7.0/Device/Include\LPC17xx.h(345): warning: anonymous unions are a C11 extension [-Wc11-extensions]
  union {
  ^
C:/Users/Razi/AppData/Local/Arm/Packs/Keil/LPC1700_DFP/2.7.0/Device/Include\LPC17xx.h(349): warning: anonymous unions are a C11 extension [-Wc11-extensions]
  union {
  ^
C:/Users/Razi/AppData/Local/Arm/Packs/Keil/LPC1700_DFP/2.7.0/Device/Include\LPC17xx.h(371): warning: anonymous unions are a C11 extension [-Wc11-extensions]
  union {
  ^
C:/Users/Razi/AppData/Local/Arm/Packs/Keil/LPC1700_DFP/2.7.0/Device/Include\LPC17xx.h(377): warning: anonymous unions are a C11 extension [-Wc11-extensions]
  union {
  ^
C:/Users/Razi/AppData/Local/Arm/Packs/Keil/LPC1700_DFP/2.7.0/Device/Include\LPC17xx.h(382): warning: anonymous unions are a C11 extension [-Wc11-extensions]
  union {
  ^
C:/Users/Razi/AppData/Local/Arm/Packs/Keil/LPC1700_DFP/2.7.0/Device/Include\LPC17xx.h(833): warning: anonymous unions are a C11 extension [-Wc11-extensions]
  union {
  ^
C:/Users/Razi/AppData/Local/Arm/Packs/Keil/LPC1700_DFP/2.7.0/Device/Include\LPC17xx.h(843): warning: anonymous unions are a C11 extension [-Wc11-extensions]
  union {
  ^
C:/Users/Razi/AppData/Local/Arm/Packs/Keil/LPC1700_DFP/2.7.0/Device/Include\LPC17xx.h(847): warning: anonymous unions are a C11 extension [-Wc11-extensions]
  union {
  ^
24 warnings generated.
compiling system_LPC17xx.c...
linking...
Program Size: Code=1000 RO-data=220 RW-data=0 ZI-data=616  
".\Objects\ARM.axf" - 0 Error(s), 133 Warning(s).

<h2>Software Packages used:</h2>

Package Vendor: ARM
                http://www.keil.com/pack/ARM.CMSIS.5.8.0.pack
                ARM.CMSIS.5.8.0
                CMSIS (Common Microcontroller Software Interface Standard)
   * Component: CORE Version: 5.5.0

Package Vendor: Keil
                http://www.keil.com/pack/Keil.LPC1700_DFP.2.7.0.pack
                Keil.LPC1700_DFP.2.7.0
                NXP LPC1700 Series Device Support, Drivers and Examples for MCB1700 and LPC1788-32
   * Component: Startup Version: 1.0.0

<h2>Collection of Component include folders:</h2>
  .\RTE\Device\LPC1768
  .\RTE\_Target_1
  C:\Users\Razi\AppData\Local\Arm\Packs\ARM\CMSIS\5.8.0\CMSIS\Core\Include
  C:\Users\Razi\AppData\Local\Arm\Packs\Keil\LPC1700_DFP\2.7.0\Device\Include

<h2>Collection of Component Files used:</h2>

   * Component: ARM::CMSIS:CORE:5.5.0

   * Component: Keil::Device:Startup:1.0.0
      Source file:   Device\Source\system_LPC17xx.c
      Include file:  RTE_Driver\Config\RTE_Device.h
      Source file:   Device\Source\ARM\startup_LPC17xx.s
      Include file:  Device\Include\LPC17xx.h
Build Time Elapsed:  00:00:01
</pre>
</body>
</html>
